\BOOKMARK [1][]{section.1}{\376\377\000I\000n\000t\000r\000o\000d\000u\000c\000t\000i\000o\000n}{}% 1
\BOOKMARK [2][]{section*.1}{\376\377\000W\0001\000\040\040\024\000\040\000E\000p\000i\000s\000t\000e\000m\000i\000c\000\040\000u\000n\000c\000e\000r\000t\000a\000i\000n\000t\000y\000\040\000f\000r\000o\000m\000\040\000n\000o\000i\000s\000y\000\040\000a\000n\000d\000\040\000a\000m\000b\000i\000g\000u\000o\000u\000s\000\040\000f\000e\000a\000t\000u\000r\000e\000s\000.}{section.1}% 2
\BOOKMARK [3][]{section*.2}{\376\377\000W\0002\000\040\040\024\000\040\000A\000b\000s\000e\000n\000c\000e\000\040\000o\000f\000\040\000f\000o\000r\000m\000a\000l\000\040\000c\000o\000v\000e\000r\000a\000g\000e\000\040\000g\000u\000a\000r\000a\000n\000t\000e\000e\000s\000.}{section*.1}% 3
\BOOKMARK [2][]{subsection.1.1}{\376\377\000R\000e\000s\000e\000a\000r\000c\000h\000\040\000G\000a\000p\000s}{section.1}% 4
\BOOKMARK [2][]{subsection.1.2}{\376\377\000C\000o\000n\000t\000r\000i\000b\000u\000t\000i\000o\000n\000s}{section.1}% 5
\BOOKMARK [2][]{subsection.1.3}{\376\377\000P\000a\000p\000e\000r\000\040\000S\000t\000r\000u\000c\000t\000u\000r\000e}{section.1}% 6
\BOOKMARK [1][]{section.2}{\376\377\000R\000e\000l\000a\000t\000e\000d\000\040\000W\000o\000r\000k}{}% 7
\BOOKMARK [2][]{subsection.2.1}{\376\377\000C\000o\000n\000f\000o\000r\000m\000a\000l\000\040\000P\000r\000e\000d\000i\000c\000t\000i\000o\000n\000\040\040\024\000\040\000F\000o\000u\000n\000d\000a\000t\000i\000o\000n\000s}{section.2}% 8
\BOOKMARK [2][]{subsection.2.2}{\376\377\000C\000o\000n\000f\000o\000r\000m\000a\000l\000\040\000P\000r\000e\000d\000i\000c\000t\000i\000o\000n\000\040\000f\000o\000r\000\040\000G\000r\000a\000p\000h\000\040\000N\000e\000u\000r\000a\000l\000\040\000N\000e\000t\000w\000o\000r\000k\000s}{section.2}% 9
\BOOKMARK [2][]{subsection.2.3}{\376\377\000F\000u\000z\000z\000y\000\040\000G\000r\000a\000p\000h\000\040\000N\000e\000u\000r\000a\000l\000\040\000N\000e\000t\000w\000o\000r\000k\000s}{section.2}% 10
\BOOKMARK [2][]{subsection.2.4}{\376\377\000G\000N\000N\000s\000\040\000f\000o\000r\000\040\000C\000y\000b\000e\000r\000s\000e\000c\000u\000r\000i\000t\000y}{section.2}% 11
\BOOKMARK [2][]{subsection.2.5}{\376\377\000C\000o\000n\000f\000o\000r\000m\000a\000l\000\040\000P\000r\000e\000d\000i\000c\000t\000i\000o\000n\000\040\000i\000n\000\040\000C\000y\000b\000e\000r\000s\000e\000c\000u\000r\000i\000t\000y}{section.2}% 12
\BOOKMARK [2][]{subsection.2.6}{\376\377\000F\000u\000z\000z\000y\000\040\000M\000e\000t\000h\000o\000d\000s\000\040\000i\000n\000\040\000C\000y\000b\000e\000r\000s\000e\000c\000u\000r\000i\000t\000y}{section.2}% 13
\BOOKMARK [1][]{section.3}{\376\377\000P\000r\000e\000l\000i\000m\000i\000n\000a\000r\000i\000e\000s}{}% 14
\BOOKMARK [2][]{subsection.3.1}{\376\377\000G\000r\000a\000p\000h\000\040\000N\000e\000u\000r\000a\000l\000\040\000N\000e\000t\000w\000o\000r\000k\000s}{section.3}% 15
\BOOKMARK [2][]{subsection.3.2}{\376\377\000C\000o\000n\000f\000o\000r\000m\000a\000l\000\040\000P\000r\000e\000d\000i\000c\000t\000i\000o\000n}{section.3}% 16
\BOOKMARK [3][]{section*.5}{\376\377\000M\000o\000n\000d\000r\000i\000a\000n\000\040\000C\000P\000.}{subsection.3.2}% 17
\BOOKMARK [2][]{subsection.3.3}{\376\377\000F\000u\000z\000z\000y\000\040\000S\000e\000t\000s\000\040\000a\000n\000d\000\040\000S\000u\000g\000e\000n\000o\000\040\000I\000n\000t\000e\000g\000r\000a\000l}{section.3}% 18
\BOOKMARK [2][]{subsection.3.4}{\376\377\000G\000r\000a\000p\000h\000\040\000P\000e\000r\000m\000u\000t\000a\000t\000i\000o\000n\000-\000I\000n\000v\000a\000r\000i\000a\000n\000c\000e\000\040\000f\000o\000r\000\040\000C\000P}{section.3}% 19
\BOOKMARK [1][]{section.4}{\376\377\000F\000C\000-\000G\000N\000N\000:\000\040\000F\000u\000z\000z\000y\000-\000C\000o\000n\000f\000o\000r\000m\000a\000l\000\040\000G\000r\000a\000p\000h\000\040\000N\000e\000u\000r\000a\000l\000\040\000N\000e\000t\000w\000o\000r\000k\000s}{}% 20
\BOOKMARK [2][]{subsection.4.1}{\376\377\000F\000u\000z\000z\000y\000\040\000M\000e\000s\000s\000a\000g\000e\000-\000P\000a\000s\000s\000i\000n\000g\000\040\000L\000a\000y\000e\000r\000\040\000\050\000F\000M\000P\000L\000\051}{section.4}% 21
\BOOKMARK [3][]{section*.7}{\376\377\000G\000a\000u\000s\000s\000i\000a\000n\000\040\000m\000e\000m\000b\000e\000r\000s\000h\000i\000p\000\040\000f\000u\000n\000c\000t\000i\000o\000n\000s\000.}{subsection.4.1}% 22
\BOOKMARK [4][]{section*.8}{\376\377\000P\000r\000o\000d\000u\000c\000t\000\040\000T\000-\000n\000o\000r\000m\000\040\000r\000u\000l\000e\000\040\000f\000i\000r\000i\000n\000g\000.}{section*.7}% 23
\BOOKMARK [4][]{section*.9}{\376\377\000C\000e\000n\000t\000r\000o\000i\000d\000\040\000d\000e\000f\000u\000z\000z\000i\000f\000i\000c\000a\000t\000i\000o\000n\000.}{section*.7}% 24
\BOOKMARK [4][]{section*.10}{\376\377\000M\000L\000P\000\040\000o\000u\000t\000p\000u\000t\000\040\000h\000e\000a\000d\000.}{section*.7}% 25
\BOOKMARK [2][]{subsection.4.2}{\376\377\000F\000u\000z\000z\000y\000\040\000M\000o\000n\000d\000r\000i\000a\000n\000\040\000C\000o\000n\000f\000o\000r\000m\000a\000l\000\040\000P\000r\000e\000d\000i\000c\000t\000i\000o\000n\000\040\000\050\000F\000M\000C\000P\000\051}{section.4}% 26
\BOOKMARK [3][]{subsubsection.4.2.1}{\376\377\000S\000u\000g\000e\000n\000o\000\040\000N\000o\000n\000c\000o\000n\000f\000o\000r\000m\000i\000t\000y\000\040\000S\000c\000o\000r\000e}{subsection.4.2}% 27
\BOOKMARK [3][]{subsubsection.4.2.2}{\376\377\000C\000o\000m\000m\000u\000n\000i\000t\000y\000\040\000P\000a\000r\000t\000i\000t\000i\000o\000n\000\040\000a\000n\000d\000\040\000P\000e\000r\000-\000C\000o\000m\000m\000u\000n\000i\000t\000y\000\040\000Q\000u\000a\000n\000t\000i\000l\000e\000s}{subsection.4.2}% 28
\BOOKMARK [3][]{subsubsection.4.2.3}{\376\377\000P\000r\000e\000d\000i\000c\000t\000i\000o\000n\000\040\000S\000e\000t\000\040\000C\000o\000n\000s\000t\000r\000u\000c\000t\000i\000o\000n}{subsection.4.2}% 29
\BOOKMARK [2][]{subsection.4.3}{\376\377\000C\000o\000v\000e\000r\000a\000g\000e\000\040\000T\000h\000e\000o\000r\000e\000m}{section.4}% 30
\BOOKMARK [2][]{subsection.4.4}{\376\377\000T\000r\000a\000i\000n\000i\000n\000g\000\040\000P\000r\000o\000c\000e\000d\000u\000r\000e}{section.4}% 31
\BOOKMARK [1][]{section.5}{\376\377\000E\000x\000p\000e\000r\000i\000m\000e\000n\000t\000s}{}% 32
\BOOKMARK [2][]{subsection.5.1}{\376\377\000D\000a\000t\000a\000s\000e\000t\000s}{section.5}% 33
\BOOKMARK [3][]{subsubsection.5.1.1}{\376\377\000G\000r\000a\000p\000h\000\040\000C\000o\000n\000s\000t\000r\000u\000c\000t\000i\000o\000n\000\040\000P\000r\000o\000t\000o\000c\000o\000l}{subsection.5.1}% 34
\BOOKMARK [2][]{subsection.5.2}{\376\377\000B\000a\000s\000e\000l\000i\000n\000e\000s}{section.5}% 35
\BOOKMARK [2][]{subsection.5.3}{\376\377\000E\000v\000a\000l\000u\000a\000t\000i\000o\000n\000\040\000M\000e\000t\000r\000i\000c\000s}{section.5}% 36
\BOOKMARK [3][]{section*.13}{\376\377\000P\000o\000i\000n\000t\000\040\000p\000r\000e\000d\000i\000c\000t\000i\000o\000n\000.}{subsection.5.3}% 37
\BOOKMARK [4][]{section*.14}{\376\377\000C\000P\000\040\000q\000u\000a\000l\000i\000t\000y\000.}{section*.13}% 38
\BOOKMARK [4][]{section*.15}{\376\377\000I\000n\000t\000e\000r\000p\000r\000e\000t\000a\000b\000i\000l\000i\000t\000y\000.}{section*.13}% 39
\BOOKMARK [2][]{subsection.5.4}{\376\377\000M\000a\000i\000n\000\040\000R\000e\000s\000u\000l\000t\000s}{section.5}% 40
\BOOKMARK [3][]{subsubsection.5.4.1}{\376\377\000P\000o\000i\000n\000t\000\040\000P\000r\000e\000d\000i\000c\000t\000i\000o\000n\000\040\000P\000e\000r\000f\000o\000r\000m\000a\000n\000c\000e}{subsection.5.4}% 41
\BOOKMARK [3][]{subsubsection.5.4.2}{\376\377\000C\000o\000n\000f\000o\000r\000m\000a\000l\000\040\000P\000r\000e\000d\000i\000c\000t\000i\000o\000n\000\040\000P\000e\000r\000f\000o\000r\000m\000a\000n\000c\000e}{subsection.5.4}% 42
\BOOKMARK [4][]{section*.18}{\376\377\000C\000o\000v\000e\000r\000a\000g\000e\000\040\000v\000a\000l\000i\000d\000i\000t\000y\000.}{subsubsection.5.4.2}% 43
\BOOKMARK [4][]{section*.19}{\376\377\000A\000P\000S\000S\000\040\000e\000f\000f\000i\000c\000i\000e\000n\000c\000y\000.}{subsubsection.5.4.2}% 44
\BOOKMARK [4][]{section*.20}{\376\377\000C\000o\000v\000e\000r\000a\000g\000e\040\023\000e\000f\000f\000i\000c\000i\000e\000n\000c\000y\000\040\000t\000r\000a\000d\000e\000-\000o\000f\000f\000.}{subsubsection.5.4.2}% 45
\BOOKMARK [4][]{section*.21}{\376\377\000C\000o\000n\000d\000i\000t\000i\000o\000n\000a\000l\000\040\000c\000o\000v\000e\000r\000a\000g\000e\000\040\000g\000a\000p\000.}{subsubsection.5.4.2}% 46
\BOOKMARK [2][]{subsection.5.5}{\376\377\000S\000i\000g\000n\000i\000f\000i\000c\000a\000n\000c\000e\000\040\000T\000e\000s\000t\000s}{section.5}% 47
\BOOKMARK [2][]{subsection.5.6}{\376\377\000I\000m\000p\000a\000c\000t\000\040\000o\000f\000\040\000C\000o\000n\000c\000e\000p\000t\000\040\000D\000r\000i\000f\000t\000\040\000a\000n\000d\000\040\000R\000e\000c\000a\000l\000i\000b\000r\000a\000t\000i\000o\000n}{section.5}% 48
\BOOKMARK [1][]{section.6}{\376\377\000I\000n\000t\000e\000r\000p\000r\000e\000t\000a\000b\000i\000l\000i\000t\000y\000\040\000A\000n\000a\000l\000y\000s\000i\000s}{}% 49
\BOOKMARK [2][]{subsection.6.1}{\376\377\000R\000u\000l\000e\000\040\000F\000i\000d\000e\000l\000i\000t\000y\000\040\000a\000n\000d\000\040\000S\000t\000a\000b\000i\000l\000i\000t\000y}{section.6}% 50
\BOOKMARK [3][]{section*.31}{\376\377\000R\000u\000l\000e\000\040\000F\000i\000d\000e\000l\000i\000t\000y\000.}{subsection.6.1}% 51
\BOOKMARK [4][]{section*.32}{\376\377\000E\000x\000p\000l\000a\000n\000a\000t\000i\000o\000n\000\040\000S\000t\000a\000b\000i\000l\000i\000t\000y\000.}{section*.31}% 52
\BOOKMARK [2][]{subsection.6.2}{\376\377\000M\000I\000T\000R\000E\000\040\000A\000T\000T\000\046\000C\000K\000\040\000R\000u\000l\000e\000\040\000M\000a\000p\000p\000i\000n\000g}{section.6}% 53
\BOOKMARK [2][]{subsection.6.3}{\376\377\000U\000n\000c\000e\000r\000t\000a\000i\000n\000-\000P\000r\000e\000d\000i\000c\000t\000i\000o\000n\000\040\000C\000a\000s\000e\000\040\000S\000t\000u\000d\000y}{section.6}% 54
\BOOKMARK [1][]{section.7}{\376\377\000D\000i\000s\000c\000u\000s\000s\000i\000o\000n}{}% 55
\BOOKMARK [2][]{subsection.7.1}{\376\377\000C\000o\000v\000e\000r\000a\000g\000e\000\040\000T\000r\000a\000d\000e\000-\000o\000f\000f\000s\000\040\000a\000n\000d\000\040\000t\000h\000e\000\040\000V\000a\000l\000u\000e\000\040\000o\000f\000\040\000C\000o\000n\000d\000i\000t\000i\000o\000n\000a\000l\000\040\000G\000u\000a\000r\000a\000n\000t\000e\000e\000s}{section.7}% 56
\BOOKMARK [2][]{subsection.7.2}{\376\377\000S\000c\000a\000l\000a\000b\000i\000l\000i\000t\000y}{section.7}% 57
\BOOKMARK [2][]{subsection.7.3}{\376\377\000E\000x\000c\000h\000a\000n\000g\000e\000a\000b\000i\000l\000i\000t\000y\000\040\000a\000n\000d\000\040\000C\000o\000n\000c\000e\000p\000t\000\040\000D\000r\000i\000f\000t}{section.7}% 58
\BOOKMARK [2][]{subsection.7.4}{\376\377\000R\000u\000l\000e\000\040\000C\000o\000m\000p\000l\000e\000x\000i\000t\000y\000\040\000a\000n\000d\000\040\000P\000r\000u\000n\000i\000n\000g}{section.7}% 59
\BOOKMARK [2][]{subsection.7.5}{\376\377\000L\000i\000m\000i\000t\000a\000t\000i\000o\000n\000s}{section.7}% 60
\BOOKMARK [1][]{section.8}{\376\377\000C\000o\000n\000c\000l\000u\000s\000i\000o\000n}{}% 61
\BOOKMARK [2][]{section*.36}{\376\377\000F\000u\000t\000u\000r\000e\000\040\000w\000o\000r\000k\000.}{section.8}% 62
